// Jest Snapshot v1, https://goo.gl/fbAQLP

exports[`Test to <AddCategory> should show correctly 1`] = `Object {}`;
