// Jest Snapshot v1, https://goo.gl/fbAQLP

exports[`Test in <GidGridItem /> should show the component correctly 1`] = `
<div
  className="card animate__animated animate__fadeIn"
>
  <img />
  <p />
</div>
`;
